[yogurtworld.co.kr/index.html]
[backblue.gif]
[fade.gif]
[index.html]
[yogurtworld.co.kr/images/yogurtworldthumb.png]
[yogurtworld.co.kr/images/yogurtworldfavi.ico]
[yogurtworld.co.kr/theme/design/css/defaultaa39.css]
[yogurtworld.co.kr/theme/design/template/header/styleaa39.css]
[yogurtworld.co.kr/theme/design/template/intro/styleaa39.css]
[yogurtworld.co.kr/theme/design/template/footer/styleaa39.css]
[yogurtworld.co.kr/js/jquery-1.8.3.min.js]
[yogurtworld.co.kr/js/jquery.menub519.js]
[yogurtworld.co.kr/js/commonb519.js]
[yogurtworld.co.kr/js/wrestb519.js]
[yogurtworld.co.kr/js/placeholders.min.js]
[yogurtworld.co.kr/js/font-awesome/css/font-awesome.min.css]
[yogurtworld.co.kr/bbs/contente98e.html]
[yogurtworld.co.kr/bbs/content18e8.html]
[yogurtworld.co.kr/bbs/content0759.html]
[yogurtworld.co.kr/bbs/contentfb5e.html]
[yogurtworld.co.kr/bbs/contentb5a0.html]
[yogurtworld.co.kr/bbs/content3ba5.html]
[yogurtworld.co.kr/bbs/content7438.html]
[yogurtworld.co.kr/bbs/content2ccf.html]
[yogurtworld.co.kr/bbs/content1ea6.html]
[yogurtworld.co.kr/bbs/content3044.html]
[yogurtworld.co.kr/bbs/content8373.html]
[yogurtworld.co.kr/images/header_logo.png]
[yogurtworld.co.kr/bbs/content639d.html]
[yogurtworld.co.kr/bbs/content66cb.html]
[yogurtworld.co.kr/bbs/contentab44.html]
[yogurtworld.co.kr/bbs/content79d1.html]
[yogurtworld.co.kr/bbs/content27b2.html]
[yogurtworld.co.kr/bbs/contentfdd5.html]
[yogurtworld.co.kr/bbs/board94af.html]
[yogurtworld.co.kr/images/header_m_05.png]
[yogurtworld.co.kr/images/header_m_10.jpg]
[yogurtworld.co.kr/images/header_m_07.png]
[yogurtworld.co.kr/images/header_m_08.png]
[yogurtworld.co.kr/images/header_m_09.png]
[yogurtworld.co.kr/images/01_nav_01.png]
[yogurtworld.co.kr/images/01_nav_02.png]
[yogurtworld.co.kr/bbs/content8708.html]
[yogurtworld.co.kr/images/01_nav_03.png]
[yogurtworld.co.kr/bbs/content7af6.html]
[yogurtworld.co.kr/images/01_nav_04.png]
[yogurtworld.co.kr/images/01_nav_05.png]
[yogurtworld.co.kr/images/01_nav_m_05.jpg]
[yogurtworld.co.kr/images/01_nav_05_m.png]
[yogurtworld.co.kr/theme/design/template/header/script.js]
[cdn.jsdelivr.net/npm/swiper@9/swiper-bundle.css]
[yogurtworld.co.kr/images/intro_01.png]
[yogurtworld.co.kr/bbs/contentfaa7.html]
[yogurtworld.co.kr/images/intro_02h.jpg]
[yogurtworld.co.kr/images/intro_04.png]
[yogurtworld.co.kr/images/intro_03h.jpg]
[yogurtworld.co.kr/images/intro_03hm.jpg]
[yogurtworld.co.kr/images/intro_05.png]
[cdnjs.cloudflare.com/ajax/libs/gsap/3.6.0/ScrollTrigger.min.js]
[cdnjs.cloudflare.com/ajax/libs/gsap/latest/TweenMax.min.js]
[cdnjs.cloudflare.com/ajax/libs/gsap/3.11.4/gsap.min.js]
[cdn.jsdelivr.net/npm/swiper@9/swiper-bundle.min.js]
[code.jquery.com/jquery-1.12.4.min.js]
[cdnjs.cloudflare.com/ajax/libs/Swiper/11.0.5/swiper-bundle.css]
[cdnjs.cloudflare.com/ajax/libs/Swiper/11.0.5/swiper-bundle.min.js]
[yogurtworld.co.kr/theme/design/template/intro/script.js]
[yogurtworld.co.kr/images/footer_03.png]
[yogurtworld.co.kr/images/footer_04.png]
[yogurtworld.co.kr/images/footer_05.png]
[yogurtworld.co.kr/images/footer_06.png]
[yogurtworld.co.kr/images/footer_07.png]
[yogurtworld.co.kr/images/footer_01.png]
[yogurtworld.co.kr/images/footer_02.png]
[yogurtworld.co.kr/images/footer_02h.png]
[yogurtworld.co.kr/index.html]
[yogurtworld.co.kr/theme/design/template/footer/script.js]
[yogurtworld.co.kr/theme/design/img/gnb_bg2.gif]
[yogurtworld.co.kr/img/captcha2.png]
[yogurtworld.co.kr/theme/design/img/require.png]
[yogurtworld.co.kr/theme/design/img/close_btn.gif]
[yogurtworld.co.kr/theme/design/img/btn_first.gif]
[yogurtworld.co.kr/theme/design/img/btn_prev.gif]
[yogurtworld.co.kr/theme/design/img/btn_end.gif]
[yogurtworld.co.kr/theme/design/img/btn_next.gif]
[yogurtworld.co.kr/theme/design/css/defaultaa39.css]
[yogurtworld.co.kr/theme/design/template/header/styleaa39.css]
[yogurtworld.co.kr/theme/design/template/intro/styleaa39.css]
[yogurtworld.co.kr/theme/design/template/footer/styleaa39.css]
[yogurtworld.co.kr/bbs/index.html]
[yogurtworld.co.kr/js/font-awesome/fonts/fontawesome-webfont3e6e.eot]
[yogurtworld.co.kr/js/font-awesome/fonts/fontawesome-webfontd41d.eot]
[yogurtworld.co.kr/js/font-awesome/fonts/fontawesome-webfont3e6e.woff]
[yogurtworld.co.kr/js/font-awesome/fonts/fontawesome-webfont3e6e.ttf]
[yogurtworld.co.kr/js/font-awesome/css/font-awesome.min.css]
[yogurtworld.co.kr/css/header.html]
[yogurtworld.co.kr/theme/design/template/menu/styleaa39.css]
[yogurtworld.co.kr/images/2_con01_01.png]
[yogurtworld.co.kr/images/1_con02_08.png]
[yogurtworld.co.kr/data/file/main_menu/f2272113e2cbb9fbc8bbb482c14eebbc_ekFtu5Nr_2682f8ec9616be30fd36c77329cfff4424b20040.png]
[yogurtworld.co.kr/images/8_con03_02.png]
[yogurtworld.co.kr/data/file/main_menu/f2272113e2cbb9fbc8bbb482c14eebbc_jWPyiTR2_e892fdf9799c75d083d1cc188cdd254b03cd5615.png]
[yogurtworld.co.kr/data/file/main_menu/f2272113e2cbb9fbc8bbb482c14eebbc_P60J9tdn_b6bb510946828cca56e54a3bdc786c3ba735e51d.png]
[yogurtworld.co.kr/data/file/main_menu/f2272113e2cbb9fbc8bbb482c14eebbc_kG2YjHUc_b231d9c8cedb13c2009c22aa83b5594c67fb826f.png]
[yogurtworld.co.kr/data/file/main_menu/f2272113e2cbb9fbc8bbb482c14eebbc_XvQZ62Ns_b1ca76aa20627731d81ff2a9e2e701342323c796.png]
[yogurtworld.co.kr/data/file/main_menu/f2272113e2cbb9fbc8bbb482c14eebbc_kxX6So7F_2f35a6b34e08ad4669b96a1080743d08dc11f67a.png]
[yogurtworld.co.kr/data/file/main_menu/f2272113e2cbb9fbc8bbb482c14eebbc_HqFPOGZn_046627b6d1af721ebd0c8dae8aa393ccd82af3c7.png]
[yogurtworld.co.kr/data/file/main_menu/f2272113e2cbb9fbc8bbb482c14eebbc_G9frPEBD_950af04fc8a6bf5186c6f8da777b724805b6f0c7.png]
[yogurtworld.co.kr/data/file/main_menu/f2272113e2cbb9fbc8bbb482c14eebbc_aFdVSue6_1f75fb054d09d1e3780c6d6d70790fe70ae94d64.png]
[yogurtworld.co.kr/data/file/main_menu/f2272113e2cbb9fbc8bbb482c14eebbc_6SAE0cbi_38f154ab36b01c518bf9af31f2c2170e973c4a9c.png]
[yogurtworld.co.kr/data/file/main_menu/f2272113e2cbb9fbc8bbb482c14eebbc_gPioWl5q_860f82fbf678bcfeb7409fd373bfd29a72a64ef2.png]
[yogurtworld.co.kr/data/file/main_menu/f2272113e2cbb9fbc8bbb482c14eebbc_NsD6UdyP_9bd63115d215ef6bbd506224863109602718efdd.png]
[yogurtworld.co.kr/data/file/main_menu/f2272113e2cbb9fbc8bbb482c14eebbc_aNey0Rvn_3447cfce00b7cf1e9f39d5587ff30b73396fae3b.png]
[yogurtworld.co.kr/data/file/main_menu/f2272113e2cbb9fbc8bbb482c14eebbc_4vl2dOPH_cb684c7f9931a20d37e1b043dbfd134e33a5fac0.png]
[yogurtworld.co.kr/data/file/main_menu/f2272113e2cbb9fbc8bbb482c14eebbc_ywAvnZC3_4d8ba35939f62e9f7e6987b2b8ada295b2212f31.png]
[yogurtworld.co.kr/images/2_con01_05.png]
[yogurtworld.co.kr/data/file/main_menu/f2272113e2cbb9fbc8bbb482c14eebbc_PquiYFJd_09ed14c272e5a8ba010aba8ca4e893e41f2214cc.png]
[yogurtworld.co.kr/data/file/main_menu/8b34e013656abfb86e71f2b503333b43_ZBnR6kJE_a4cc4218d7b18e5d97b186a587cf692f1543687b.png]
[yogurtworld.co.kr/data/file/main_menu/f2272113e2cbb9fbc8bbb482c14eebbc_SGp63NOz_dd237da640c34ac7c58fbb3179e191ce706c501b.png]
[yogurtworld.co.kr/data/file/main_menu/f2272113e2cbb9fbc8bbb482c14eebbc_MBjmx6q7_0bd0c3cc1fd1b082cfe23b0266c4fbcf6427d8d0.png]
[yogurtworld.co.kr/data/file/main_menu/f2272113e2cbb9fbc8bbb482c14eebbc_0qwrVcpu_5f32448296f5c06df28f8abdda585975f92d8b6d.png]
[yogurtworld.co.kr/data/file/main_menu/f2272113e2cbb9fbc8bbb482c14eebbc_q1O3xwXP_8a6cee5482e837b52107dbaf67d1935d69309a72.png]
[yogurtworld.co.kr/data/file/main_menu/f2272113e2cbb9fbc8bbb482c14eebbc_FX2JzPlj_92d1affd16a80a97e05bb243002518daa71af46f.png]
[yogurtworld.co.kr/data/file/main_menu/f2272113e2cbb9fbc8bbb482c14eebbc_7zTiqY9K_6a6b0983a9ddf5049b760d671d6e94ac6bb42baf.png]
[yogurtworld.co.kr/data/file/main_menu/f2272113e2cbb9fbc8bbb482c14eebbc_0lSjGJOW_5fbe897c011b8e303b7435c65d46aa18a1c3be20.png]
[yogurtworld.co.kr/data/file/main_menu/f2272113e2cbb9fbc8bbb482c14eebbc_Zx4fbAr7_a7cf0a105c8776b25db6ef176f8e329ff074e85e.png]
[yogurtworld.co.kr/data/file/main_menu/f2272113e2cbb9fbc8bbb482c14eebbc_EZgTk5Ye_dfecae48fd16fd98ed46c1c72063582d77bcec3d.png]
[yogurtworld.co.kr/data/file/main_menu/f2272113e2cbb9fbc8bbb482c14eebbc_6wLTcgEt_1b3b51b35a79a10ad65d638421deb588e7735140.png]
[yogurtworld.co.kr/data/file/main_menu/f2272113e2cbb9fbc8bbb482c14eebbc_xWEXT8wM_55b35e24a4a6abdc819f5d16aad3fb9313bdaa5e.png]
[yogurtworld.co.kr/data/file/main_menu/f2272113e2cbb9fbc8bbb482c14eebbc_jgz2WUBK_2f5effe8fd3077bdc6f7b64e39d38504d89e7fcc.png]
[yogurtworld.co.kr/data/file/main_menu/f2272113e2cbb9fbc8bbb482c14eebbc_96mDZ2FY_a8d779b4cf723d8f96739749effa7caabd4e52da.png]
[yogurtworld.co.kr/data/file/main_menu/f2272113e2cbb9fbc8bbb482c14eebbc_rmc0jaOR_b0962b63702be369833b789224be18b60c355ed7.png]
[yogurtworld.co.kr/data/file/main_menu/f2272113e2cbb9fbc8bbb482c14eebbc_72qLIcR4_7ce7b2d1a940fc4d572c3d41d26b46a438451fff.png]
[yogurtworld.co.kr/data/file/main_menu/f2272113e2cbb9fbc8bbb482c14eebbc_2ISK7Fsn_10713ddd5178b015c4db83d112ab56b3412f5fd6.png]
[yogurtworld.co.kr/data/file/main_menu/f2272113e2cbb9fbc8bbb482c14eebbc_mB0Vce5T_5b29bc6e49eccfe5df82f61a0fa09cb8dfe5f43a.png]
[yogurtworld.co.kr/data/file/main_menu/f2272113e2cbb9fbc8bbb482c14eebbc_uG1fKXaL_b8f7a6e6c226b977f07cb80882b7f3718bd48960.png]
[yogurtworld.co.kr/data/file/main_menu/f2272113e2cbb9fbc8bbb482c14eebbc_0bm4kuiF_f370eac9f06d236b5a088ebb170b47d769db66d1.png]
[yogurtworld.co.kr/data/file/main_menu/f2272113e2cbb9fbc8bbb482c14eebbc_qoYKZ6wD_8ed067843939002deeb85a8baeabd81b906ef345.png]
[yogurtworld.co.kr/data/file/main_menu/f2272113e2cbb9fbc8bbb482c14eebbc_VOq4fFpk_2b71f47d77d9628bbbd0c6623bf68278ae8324b9.png]
[yogurtworld.co.kr/data/file/main_menu/f2272113e2cbb9fbc8bbb482c14eebbc_UeavoqJm_0bfd7f5a7053c8074e5ced91bb9b48bd5eece7f0.png]
[yogurtworld.co.kr/data/file/main_menu/f2272113e2cbb9fbc8bbb482c14eebbc_n8jbMIzs_017050eb4ec4f1b7552dbda44fad18dced3e832c.png]
[yogurtworld.co.kr/data/file/main_menu/f2272113e2cbb9fbc8bbb482c14eebbc_91HOIFb8_b9e490ad83eb88f1909b4babde0fdb99fcfa5faa.png]
[yogurtworld.co.kr/data/file/main_menu/f2272113e2cbb9fbc8bbb482c14eebbc_LntgjX4i_ed0c219aa8382bd9f61544a024bdc766f9d42fdb.png]
[yogurtworld.co.kr/data/file/main_menu/f2272113e2cbb9fbc8bbb482c14eebbc_nyPsAepV_36d1d8c01d35ac46f410e7388c4d87d24cc72da5.png]
[yogurtworld.co.kr/data/file/main_menu/f2272113e2cbb9fbc8bbb482c14eebbc_rUMAnlLQ_64c2ff6e702e4668aafbd771f49a49f50b2188d9.png]
[yogurtworld.co.kr/data/file/main_menu/f2272113e2cbb9fbc8bbb482c14eebbc_Jkf0EV1A_437dc7232649d83d53cbd64193e310b65b996016.png]
[yogurtworld.co.kr/data/file/main_menu/f2272113e2cbb9fbc8bbb482c14eebbc_Gfj7kzAn_f7a00f50252aedc6fff68f3b25f6b50270ffb543.png]
[yogurtworld.co.kr/data/file/main_menu/f2272113e2cbb9fbc8bbb482c14eebbc_oFZTCw75_d3262d85b9206dc43ef4a9e2dd3a12f316ca8e3a.png]
[yogurtworld.co.kr/data/file/main_menu/f2272113e2cbb9fbc8bbb482c14eebbc_pGmUir8g_0b7c0476062efe6923b3e70cf4d533caf3937da0.png]
[yogurtworld.co.kr/data/file/main_menu/f2272113e2cbb9fbc8bbb482c14eebbc_GVFQnIwa_667aca06e637317d2e3ef9a9b78068ec551c43dc.png]
[yogurtworld.co.kr/data/file/main_menu/f2272113e2cbb9fbc8bbb482c14eebbc_nfFgpJuS_1dd0a2382ea2604c6f671cfb50e48f2cbb18e525.png]
[yogurtworld.co.kr/data/file/main_menu/f2272113e2cbb9fbc8bbb482c14eebbc_bh9CSLTj_807137882d49219e57dc15c8d6c3556d1b5e8cfc.png]
[yogurtworld.co.kr/data/file/main_menu/f2272113e2cbb9fbc8bbb482c14eebbc_YCRHQjJW_8f5b920c3656cb8fdcfcd8c6931e56ff28108644.png]
[yogurtworld.co.kr/images/2_con02_07.png]
[yogurtworld.co.kr/images/2_con02_08.png]
[yogurtworld.co.kr/images/2_con02_09.png]
[yogurtworld.co.kr/images/2_con02_01.png]
[yogurtworld.co.kr/images/2_con02_12.png]
[yogurtworld.co.kr/images/2_con02_10.png]
[yogurtworld.co.kr/images/con02_10m.png]
[yogurtworld.co.kr/images/step1_01.png]
[yogurtworld.co.kr/images/step1_02.png]
[yogurtworld.co.kr/images/step1_03.png]
[yogurtworld.co.kr/images/step1_04.png]
[yogurtworld.co.kr/images/step1_05.png]
[yogurtworld.co.kr/images/step1_06.png]
[yogurtworld.co.kr/images/step1_07.png]
[yogurtworld.co.kr/images/2_con02_13.png]
[yogurtworld.co.kr/images/2_con02_15.png]
[yogurtworld.co.kr/images/2_con02_14.png]
[yogurtworld.co.kr/images/con02_14m.png]
[yogurtworld.co.kr/images/step2_01.png]
[yogurtworld.co.kr/images/step2_02.png]
[yogurtworld.co.kr/images/step2_03.png]
[yogurtworld.co.kr/images/step2_04.png]
[yogurtworld.co.kr/images/step2_05.png]
[yogurtworld.co.kr/images/step2_06.png]
[yogurtworld.co.kr/images/step2_07.png]
[yogurtworld.co.kr/images/step2_08.png]
[yogurtworld.co.kr/images/step2_09.png]
[yogurtworld.co.kr/images/step2_10.png]
[yogurtworld.co.kr/images/2_con02_16.png]
[yogurtworld.co.kr/images/2_con02_17.png]
[yogurtworld.co.kr/images/con02_17m.png]
[yogurtworld.co.kr/images/step3_01.png]
[yogurtworld.co.kr/images/step3_02.png]
[yogurtworld.co.kr/images/step3_03.png]
[yogurtworld.co.kr/images/step3_04.png]
[yogurtworld.co.kr/images/step3_05.png]
[yogurtworld.co.kr/images/step3_06.png]
[yogurtworld.co.kr/images/step3_07.png]
[yogurtworld.co.kr/images/step3_08.png]
[yogurtworld.co.kr/images/step3_09.png]
[yogurtworld.co.kr/images/step3_10.png]
[yogurtworld.co.kr/images/2_con02_18.png]
[yogurtworld.co.kr/images/2_con02_19.png]
[yogurtworld.co.kr/images/con02_19m.png]
[yogurtworld.co.kr/images/step4_01.png]
[yogurtworld.co.kr/images/step4_02.png]
[yogurtworld.co.kr/images/step4_03.png]
[yogurtworld.co.kr/images/step4_04.png]
[yogurtworld.co.kr/images/step4_05.png]
[yogurtworld.co.kr/images/step4_06.png]
[yogurtworld.co.kr/images/step4_07.png]
[yogurtworld.co.kr/images/step4_08.png]
[yogurtworld.co.kr/images/step4_09.png]
[yogurtworld.co.kr/images/step4_10.png]
[yogurtworld.co.kr/images/2_con01_06.png]
[yogurtworld.co.kr/data/file/main_menu/f2272113e2cbb9fbc8bbb482c14eebbc_AyRw6qba_0688a3d24acec92483bd474e03bf2e17e5b1b86f.jpg]
[yogurtworld.co.kr/data/file/main_menu/f2272113e2cbb9fbc8bbb482c14eebbc_1kYga2ES_c65042140adcdd651b18c2af082dfc58a39fdf41.png]
[yogurtworld.co.kr/data/file/main_menu/f2272113e2cbb9fbc8bbb482c14eebbc_M1dvRzaw_54a3587e8d9a14cc2975a6aceab34f5f9f4ae3ed.png]
[yogurtworld.co.kr/data/file/main_menu/f2272113e2cbb9fbc8bbb482c14eebbc_hRKfHZUP_205cda7fb0a8edd3814d9107d44b9b0d29d3fd8d.png]
[yogurtworld.co.kr/data/file/main_menu/f2272113e2cbb9fbc8bbb482c14eebbc_e2TiAQrz_ffef96254c40ed5873798e56766beeddc5a250af.png]
[yogurtworld.co.kr/data/file/main_menu/f2272113e2cbb9fbc8bbb482c14eebbc_3iSyjVCI_c2a33449fa21ec169d07185c576b91e1b49fb65d.png]
[yogurtworld.co.kr/data/file/main_menu/f2272113e2cbb9fbc8bbb482c14eebbc_cAeYtb73_3ac730208516c829c71db60b9eedfac9a4339ab6.png]
[yogurtworld.co.kr/data/file/main_menu/f2272113e2cbb9fbc8bbb482c14eebbc_ys9Fi1Ju_25452d72102f9a1421918eea7dc0a0ba255ad19f.png]
[yogurtworld.co.kr/data/file/main_menu/f2272113e2cbb9fbc8bbb482c14eebbc_41NaY3K7_5175d2fc079989fd5c40f2796ebd07dbb27c5581.png]
[yogurtworld.co.kr/data/file/main_menu/f2272113e2cbb9fbc8bbb482c14eebbc_JoHgO8y3_869509ff310c42f485f63842d23b0730b5f59aeb.png]
[yogurtworld.co.kr/data/file/main_menu/f2272113e2cbb9fbc8bbb482c14eebbc_nzCK0da2_82e65173bf68a2714aa721a385a29ea9e98cb83b.png]
[yogurtworld.co.kr/data/file/main_menu/f2272113e2cbb9fbc8bbb482c14eebbc_cwErBHfb_768970394e9c582ea723c95efb88306ee0765836.png]
[yogurtworld.co.kr/data/file/main_menu/f2272113e2cbb9fbc8bbb482c14eebbc_JjpwgCaG_9b263934fb1c819a473a74be91a08dc6443a842b.png]
[yogurtworld.co.kr/data/file/main_menu/f2272113e2cbb9fbc8bbb482c14eebbc_mXWDV6is_d6652c7f4f83e1d11415c2c9eb6fd80f62d9685b.png]
[yogurtworld.co.kr/data/file/main_menu/f2272113e2cbb9fbc8bbb482c14eebbc_7oAUTPpD_8c1eda5d4d4518f2c29a2a2d49b1d44426cdfdcd.png]
[yogurtworld.co.kr/data/file/main_menu/f2272113e2cbb9fbc8bbb482c14eebbc_xG1DNWiS_d5f46b7c439c6a5626847978ab4c69afcc539bd6.png]
[yogurtworld.co.kr/images/2_con01_07.png]
[yogurtworld.co.kr/data/file/main_menu/f2272113e2cbb9fbc8bbb482c14eebbc_aW4o5RVr_17b954d299bb94e7ef87efd40ad60cab5567088e.png]
[yogurtworld.co.kr/data/file/main_menu/f2272113e2cbb9fbc8bbb482c14eebbc_ohXYwatT_62e28608a48d1dc276e9d36986a9dd4c611ca465.png]
[yogurtworld.co.kr/data/file/main_menu/f2272113e2cbb9fbc8bbb482c14eebbc_pqZKUPAz_9eebd278df968dd864407597355da34c2d5be6bc.png]
[yogurtworld.co.kr/data/file/main_menu/f2272113e2cbb9fbc8bbb482c14eebbc_2gn7H1pW_7d52162cf458a2256c8353d5f92d1ffd89bf007a.png]
[yogurtworld.co.kr/data/file/main_menu/f2272113e2cbb9fbc8bbb482c14eebbc_g6eubINo_87a98cd1ecece494aeb16dc2e6089eea9d449aaf.png]
[yogurtworld.co.kr/data/file/main_menu/f2272113e2cbb9fbc8bbb482c14eebbc_ZBWAbTMo_4de4945d04ed62dc616cd882ae9e4f930cc09527.png]
[yogurtworld.co.kr/data/file/main_menu/43_copy_44_f2272113e2cbb9fbc8bbb482c14eebbc_ZBWAbTMo_4de4945d04ed62dc616cd882ae9e4f930cc09527.png]
[yogurtworld.co.kr/images/2_con01_08.png]
[yogurtworld.co.kr/data/file/main_menu/f2272113e2cbb9fbc8bbb482c14eebbc_4QHroWJ9_fed47def98bd235c9bda9d7c9159df3e20b83fb8.png]
[yogurtworld.co.kr/data/file/main_menu/f2272113e2cbb9fbc8bbb482c14eebbc_zSygi8C1_10ee7009215ecdef88a6a2635ece27e59ac73ec6.png]
[yogurtworld.co.kr/data/file/main_menu/f2272113e2cbb9fbc8bbb482c14eebbc_8mhwxQf1_07976d2d84a949b20102c8dc79a3d9db41275117.png]
[yogurtworld.co.kr/data/file/main_menu/f2272113e2cbb9fbc8bbb482c14eebbc_tpT6MAEo_96470a1bcad4e4fa6f20d1f1e03ab3bad23e20c1.png]
[yogurtworld.co.kr/data/file/main_menu/f2272113e2cbb9fbc8bbb482c14eebbc_FDgGuXSN_17fbfcdd9a53455f190a0b2e501ab7eeac97cecf.png]
[yogurtworld.co.kr/data/file/main_menu/f2272113e2cbb9fbc8bbb482c14eebbc_yZH9tTXU_177e70074fb107009fc6183927883a0bb661fd0b.png]
[yogurtworld.co.kr/data/file/main_menu/f2272113e2cbb9fbc8bbb482c14eebbc_GpLelKIo_05b6cffcef3d7d50ace73775d949d2af48a78b35.png]
[yogurtworld.co.kr/data/file/main_menu/f2272113e2cbb9fbc8bbb482c14eebbc_fkeZjzbA_309786880e4c1cdb08b59aa9fc07cad077e59e67.png]
[yogurtworld.co.kr/data/file/main_menu/f2272113e2cbb9fbc8bbb482c14eebbc_9mEshQGJ_ba3e0f8102b0407b8d5c52f10e9b54cc3f9c3ea6.png]
[yogurtworld.co.kr/data/file/main_menu/f2272113e2cbb9fbc8bbb482c14eebbc_FM4ZQqaO_093de7f68b1d85197a09f7679d04127ba3e5a088.png]
[yogurtworld.co.kr/data/file/main_menu/f2272113e2cbb9fbc8bbb482c14eebbc_cjWu8RQw_b426a34d71841be46372d07c5229646677bb343d.png]
[yogurtworld.co.kr/data/file/main_menu/f2272113e2cbb9fbc8bbb482c14eebbc_TuDkASGd_11d72978604947d5f112e946500ca41d9975a298.png]
[yogurtworld.co.kr/data/file/main_menu/f2272113e2cbb9fbc8bbb482c14eebbc_hjtSzVUc_ef687cd3b1f8dfe09a58954ae59535576950e21f.png]
[yogurtworld.co.kr/data/file/main_menu/f2272113e2cbb9fbc8bbb482c14eebbc_vJx9cpF6_6133efc57b15b4ace47dc25854819929441ee6c2.png]
[yogurtworld.co.kr/data/file/main_menu/f2272113e2cbb9fbc8bbb482c14eebbc_EnCgAyTv_0c143326e9c40e2bf4b2dc760549fd8545f50c82.png]
[yogurtworld.co.kr/data/file/main_menu/f2272113e2cbb9fbc8bbb482c14eebbc_NECqek5W_c47c8b31ba388da6042f96aca5678c3dc433ed19.png]
[yogurtworld.co.kr/data/file/main_menu/f2272113e2cbb9fbc8bbb482c14eebbc_pv8F9uHr_d1476ca467dc1831fd7d26568856a9ce5aed3a6c.png]
[yogurtworld.co.kr/data/file/main_menu/f2272113e2cbb9fbc8bbb482c14eebbc_kr7fADos_9108d9403aff868b2b869c4ae11052e9338a05a6.png]
[yogurtworld.co.kr/data/file/main_menu/f2272113e2cbb9fbc8bbb482c14eebbc_8Dr57uFw_f500ac351ede69cfd0caa7a999ff7ee36a0885f8.png]
[yogurtworld.co.kr/data/file/main_menu/f2272113e2cbb9fbc8bbb482c14eebbc_Rw7iJxtD_f63fccc8c922dad02738c2595f46e5203bde6dab.png]
[yogurtworld.co.kr/data/file/main_menu/f2272113e2cbb9fbc8bbb482c14eebbc_t0Ob58g9_41b4b3d8fd338d4c046cc871a91dfaab4683ae00.png]
[yogurtworld.co.kr/data/file/main_menu/f2272113e2cbb9fbc8bbb482c14eebbc_jP8McA2s_f5101bbe3e13d08fa7b4e62d028536695f7075b8.png]
[yogurtworld.co.kr/data/file/main_menu/f2272113e2cbb9fbc8bbb482c14eebbc_4uphPk3W_3913e4936740cc1823372d650b8f3f3f122a2c8c.png]
[yogurtworld.co.kr/data/file/main_menu/f2272113e2cbb9fbc8bbb482c14eebbc_c7Rp9FIV_eb75b9fe831040e707c7b155b778880fa099a5c8.png]
[yogurtworld.co.kr/data/file/main_menu/f2272113e2cbb9fbc8bbb482c14eebbc_TeDmub83_6f6ddf69691acc9ee7d47c5962399e0fe717a0fc.png]
[yogurtworld.co.kr/data/file/main_menu/f2272113e2cbb9fbc8bbb482c14eebbc_bGAVSLUP_d0e00ac973e2b349cf85991bca06ebb21b35a3c5.png]
[yogurtworld.co.kr/data/file/main_menu/f2272113e2cbb9fbc8bbb482c14eebbc_EuZrodf9_a564b084d752755302278905a7b20e3defd9e7c4.png]
[yogurtworld.co.kr/data/file/main_menu/f2272113e2cbb9fbc8bbb482c14eebbc_ZB9dOi7f_e0ea26dd64fca547b564a2174ddb46314b82c0ca.png]
[yogurtworld.co.kr/images/2_con01_09.png]
[yogurtworld.co.kr/data/file/main_menu/f2272113e2cbb9fbc8bbb482c14eebbc_bT0jCX1v_dece18caa17a62bceb52321a878e446c7e627e88.png]
[yogurtworld.co.kr/data/file/main_menu/f2272113e2cbb9fbc8bbb482c14eebbc_5a17cEMq_e0a92b286f7a778d826277fc83dca03738f80f0d.png]
[yogurtworld.co.kr/data/file/main_menu/119_copy_120_f2272113e2cbb9fbc8bbb482c14eebbc_9FDYbn4k_cfe03ca60fb2c07915f46fba526ad08fe2701bed.png]
[yogurtworld.co.kr/data/file/main_menu/f2272113e2cbb9fbc8bbb482c14eebbc_8yOYWJMD_c6f9bfeec78aa0d75fda4ea71baa3880895e17b9.png]
[yogurtworld.co.kr/data/file/main_menu/f2272113e2cbb9fbc8bbb482c14eebbc_7IaqmUy0_34f41f27cfd572202e43da03a650869306c8a5e5.png]
[yogurtworld.co.kr/data/file/main_menu/f2272113e2cbb9fbc8bbb482c14eebbc_soYIprqP_b692eb6f457b4f7e8d38efd609285ff5b0613b97.png]
[yogurtworld.co.kr/data/file/main_menu/f2272113e2cbb9fbc8bbb482c14eebbc_SxzMr9YT_447dc78cadb9095b8d4cb5dc0fda31c5acf1223f.png]
[yogurtworld.co.kr/data/file/main_menu/f2272113e2cbb9fbc8bbb482c14eebbc_EHAOLj1t_7ce87e34ef438e45c667a14c9e403d40902d1d0b.png]
[yogurtworld.co.kr/data/file/main_menu/f2272113e2cbb9fbc8bbb482c14eebbc_6erzyd9k_97b34e2bc5d69c3d67c97b0ea81a1ea6fb68130c.png]
[yogurtworld.co.kr/data/file/main_menu/f2272113e2cbb9fbc8bbb482c14eebbc_n5ARlxNa_8336629c33322b05b811bbbb450b5f37485c664e.png]
[yogurtworld.co.kr/data/file/main_menu/f2272113e2cbb9fbc8bbb482c14eebbc_EOTS5Jz9_078a2c79f433ad9b72dc2591b6e6d95ba3c53d90.png]
[yogurtworld.co.kr/data/file/main_menu/f2272113e2cbb9fbc8bbb482c14eebbc_oG4guYyH_339d55d45d9ef4df63279813a07f28e62a603f3d.png]
[yogurtworld.co.kr/data/file/main_menu/f2272113e2cbb9fbc8bbb482c14eebbc_iRMWnIOE_71bb29d8d4d0ad6c8ef2eb59107c83217ce74818.png]
[yogurtworld.co.kr/data/file/main_menu/f2272113e2cbb9fbc8bbb482c14eebbc_mbxdWjXH_a9895a4aef44d1034965da9df767e8374e351af1.png]
[yogurtworld.co.kr/images/2_con01pop_02.jpg]
[yogurtworld.co.kr/images/2_con01pop_03.png]
[yogurtworld.co.kr/images/2_con01pop_05.jpg]
[yogurtworld.co.kr/images/2_con01pop_01.png]
[yogurtworld.co.kr/theme/design/template/menu/script.js]
[yogurtworld.co.kr/bbs/contente98e.html]
[yogurtworld.co.kr/bbs/content18e8.html]
[yogurtworld.co.kr/bbs/content0759.html]
[yogurtworld.co.kr/bbs/contentfb5e.html]
[yogurtworld.co.kr/bbs/contentb5a0.html]
[yogurtworld.co.kr/bbs/content3ba5.html]
[yogurtworld.co.kr/theme/design/template/brand/styleaa39.css]
[yogurtworld.co.kr/js/jquery-1.12.4.minb519.js]
[yogurtworld.co.kr/js/jquery-migrate-1.4.1.minb519.js]
[yogurtworld.co.kr/js/placeholders.minb519.js]
[yogurtworld.co.kr/images/3_con01_02.jpg]
[yogurtworld.co.kr/images/3_con01_01.png]
[yogurtworld.co.kr/images/3_con01_03.png]
[yogurtworld.co.kr/images/3_con01_04.png]
[yogurtworld.co.kr/images/3_con01_05.png]
[yogurtworld.co.kr/images/3_con01_06.png]
[yogurtworld.co.kr/images/3_con01_08.png]
[yogurtworld.co.kr/images/3_con01_07.png]
[yogurtworld.co.kr/images/3_con01_10.png]
[yogurtworld.co.kr/images/3_con01_09.png]
[yogurtworld.co.kr/images/3_con01_11.png]
[yogurtworld.co.kr/images/3_con01_12.png]
[yogurtworld.co.kr/images/3_con01_14.png]
[yogurtworld.co.kr/images/3_con01_15.png]
[yogurtworld.co.kr/images/3_con01_16.png]
[yogurtworld.co.kr/images/3_con01_17.png]
[yogurtworld.co.kr/images/3_con02_01.png]
[yogurtworld.co.kr/images/3_con02_03.png]
[yogurtworld.co.kr/images/m_08.png]
[yogurtworld.co.kr/images/3_con02_05.png]
[yogurtworld.co.kr/images/3_con02_06.png]
[yogurtworld.co.kr/images/3_con02_07.png]
[yogurtworld.co.kr/images/m_09.png]
[yogurtworld.co.kr/images/3_con02_08.png]
[yogurtworld.co.kr/images/3_con02_09.png]
[yogurtworld.co.kr/images/3_con02_10.png]
[yogurtworld.co.kr/images/m_10.png]
[yogurtworld.co.kr/images/3_con02_11.png]
[yogurtworld.co.kr/images/3_con02_12.png]
[yogurtworld.co.kr/images/3_con02_13.png]
[yogurtworld.co.kr/images/m_11.png]
[yogurtworld.co.kr/images/3_con03_01.png]
[yogurtworld.co.kr/images/3_con03_02.png]
[yogurtworld.co.kr/images/3_con03_03.png]
[yogurtworld.co.kr/images/3_con03_04.png]
[yogurtworld.co.kr/images/3_con03_05.png]
[yogurtworld.co.kr/bbs/content7438.html]
[yogurtworld.co.kr/theme/design/template/brand/script.js]
[yogurtworld.co.kr/theme/design/template/interior/styleaa39.css]
[yogurtworld.co.kr/images/5_con01_01.png]
[yogurtworld.co.kr/images/5_con01_02.png]
[yogurtworld.co.kr/images/5_con01_08.png]
[yogurtworld.co.kr/data/file/main_interior2/f2272113e2cbb9fbc8bbb482c14eebbc_wycbFo0j_bc79c2888514f9c71a54b90ad3e9c7134e5a70e1.jpg]
[yogurtworld.co.kr/data/file/main_interior2/f2272113e2cbb9fbc8bbb482c14eebbc_FNKkBX91_7da3b55fe3b1565fc81feb19cc37665c723319a5.jpg]
[yogurtworld.co.kr/data/file/main_interior2/f2272113e2cbb9fbc8bbb482c14eebbc_MYyVPp56_3563738b718dad45a83be09b208fc7001d8d9a7d.jpg]
[yogurtworld.co.kr/data/file/main_interior2/f2272113e2cbb9fbc8bbb482c14eebbc_ReGcfPsT_91f3c1f4c3a8cfa713a0ce3006a4bec255652f7d.jpg]
[yogurtworld.co.kr/data/file/main_interior2/f2272113e2cbb9fbc8bbb482c14eebbc_AMVXs8mI_d454ed8482950eb5313f6a0ae6bbb52028e6f813.jpg]
[yogurtworld.co.kr/images/5_con01_09.png]
[yogurtworld.co.kr/data/file/main_interior/f2272113e2cbb9fbc8bbb482c14eebbc_UYrNCT7f_9a3aa929ee0152afce2cdc6bf580652354974b0d.jpg]
[yogurtworld.co.kr/data/file/main_interior/f2272113e2cbb9fbc8bbb482c14eebbc_zN926mvk_73e8de32650645b90fbf51b6d47cf6b38bdda881.jpg]
[yogurtworld.co.kr/data/file/main_interior/f2272113e2cbb9fbc8bbb482c14eebbc_maGl6AoR_811c15c55394e15da338f2fc3c4924f035d5405a.jpg]
[yogurtworld.co.kr/data/file/main_interior/f2272113e2cbb9fbc8bbb482c14eebbc_mJsaVPdN_89df6b797cf844207e068389c0c305a81235838f.jpg]
[yogurtworld.co.kr/data/file/main_interior/f2272113e2cbb9fbc8bbb482c14eebbc_IX6De7fS_c1a2f51ee76d5cb7a753d79b63e201420e9d0e30.jpg]
[yogurtworld.co.kr/data/file/main_interior/f2272113e2cbb9fbc8bbb482c14eebbc_SVuTpEsU_2f54bd4945847d2b855d804df27cdcaa5394bd5d.jpg]
[yogurtworld.co.kr/data/file/main_interior/f2272113e2cbb9fbc8bbb482c14eebbc_146zdAbk_fc188da4eaba38d27397a493b5b9a09118e89c99.jpg]
[yogurtworld.co.kr/bbs/content2ccf.html]
[yogurtworld.co.kr/theme/design/template/interior/script.js]
[yogurtworld.co.kr/theme/design/template/community/styleaa39.css]
[yogurtworld.co.kr/css/datepicker.css]
[dapi.kakao.com/v2/maps/sdkead0.json]
[yogurtworld.co.kr/images/6_con02_06.png]
[yogurtworld.co.kr/images/6_con02_08.png]
[yogurtworld.co.kr/images/6_con02_09.png]
[yogurtworld.co.kr/images/6_con02_11.png]
[yogurtworld.co.kr/images/6_con01_01.png]
[yogurtworld.co.kr/data/file/main_promotion/f2272113e2cbb9fbc8bbb482c14eebbc_dH9cMVYx_aac2c76635510d6500607e0d466725507c10feeb.jpg]
[yogurtworld.co.kr/data/file/main_promotion/f2272113e2cbb9fbc8bbb482c14eebbc_vgGmi4Y9_b3645f8d33da4ac8a54f406800f0e663b7330b41.jpg]
[yogurtworld.co.kr/data/file/main_promotion/f2272113e2cbb9fbc8bbb482c14eebbc_lWIieZL4_cda9de2339e283a7c10d711a81511884081cec3c.jpg]
[yogurtworld.co.kr/data/file/main_promotion/f2272113e2cbb9fbc8bbb482c14eebbc_ypUXLfjR_d4e0966d06f9eb545bd29c73c228dac2fde01bf6.jpg]
[yogurtworld.co.kr/data/file/main_promotion/f2272113e2cbb9fbc8bbb482c14eebbc_CbVXDHjS_cf098db0efe6654249eef424547973eb97fcb446.jpg]
[yogurtworld.co.kr/data/file/main_promotion/f2272113e2cbb9fbc8bbb482c14eebbc_lm96nsKp_e3147952f5e88ba4231081359fb5fff55e1548ba.jpg]
[yogurtworld.co.kr/images/6_con02_01.png]
[yogurtworld.co.kr/images/6_con02_02.jpg]
[yogurtworld.co.kr/images/6_con02_03.png]
[yogurtworld.co.kr/images/6_con02_04h.png]
[yogurtworld.co.kr/images/6_con02_04.png]
[yogurtworld.co.kr/images/6_con02_05h.png]
[yogurtworld.co.kr/images/6_con02_05.png]
[yogurtworld.co.kr/images/6_con03_01.png]
[yogurtworld.co.kr/images/6_con03_02.jpg]
[yogurtworld.co.kr/images/6_con03_03.png]
[yogurtworld.co.kr/images/6_con03_05.png]
[yogurtworld.co.kr/images/6_con03_07.png]
[yogurtworld.co.kr/images/6_con03_08.png]
[yogurtworld.co.kr/images/6_con03_09.png]
[yogurtworld.co.kr/images/6_con04_01.png]
[yogurtworld.co.kr/images/6_con04_02.jpg]
[yogurtworld.co.kr/images/6_con04_04.png]
[yogurtworld.co.kr/data/file/main_news/f2272113e2cbb9fbc8bbb482c14eebbc_o1ydPUrn_3c0f5914ebf5333246231c72e3e6b88041687995.jpg]
[yogurtworld.co.kr/data/file/main_news/f2272113e2cbb9fbc8bbb482c14eebbc_etFErxN1_5c8258e56bfb8c2ea947a19e4d85158dc3741d14.jpg]
[yogurtworld.co.kr/data/file/main_news/f2272113e2cbb9fbc8bbb482c14eebbc_d3DOPKWu_ed02a1bb4bc40f9c2c2469b272a830265c8ff95e.jpg]
[yogurtworld.co.kr/data/file/main_news/f2272113e2cbb9fbc8bbb482c14eebbc_TPasKg0L_c7af0ccedc52f1dccdd7660ea01db301a7f16aa5.jpg]
[yogurtworld.co.kr/data/file/main_news/f2272113e2cbb9fbc8bbb482c14eebbc_VjJIoH7N_dddcb2b2d40910ddc1389d889227401ee2cf58d8.jpg]
[ajax.googleapis.com/ajax/libs/jquery/1.12.1/jquery.min.js]
[ajax.googleapis.com/ajax/libs/jqueryui/1.12.1/jquery-ui.min.js]
[yogurtworld.co.kr/bbs/content1ea6.html]
[yogurtworld.co.kr/theme/design/template/community/script.js]
[yogurtworld.co.kr/theme/design/template/store/styleaa39.css]
[dapi.kakao.com/v2/maps/sdk35ef.json]
[yogurtworld.co.kr/images/7_con01_01.png]
[yogurtworld.co.kr/images/7_con01_07.png]
[yogurtworld.co.kr/data/file/main_shop/e1717428e8027a045876c9e343bd56fb_WbEDC0F4_885431c78221bff2ae661706e4e1263fa099db24.jpg]
[yogurtworld.co.kr/images/7_con01_09.png]
[yogurtworld.co.kr/data/file/main_shop/e1717428e8027a045876c9e343bd56fb_a82TDwy4_b5ce901c9199aec33da0785b9de24a9abc79327a.jpg]
[yogurtworld.co.kr/images/7_con01pop_04.jpg]
[yogurtworld.co.kr/images/7_con01pop_05.png]
[yogurtworld.co.kr/images/7_con01pop_02.png]
[yogurtworld.co.kr/images/7_con01pop_01.png]
[yogurtworld.co.kr/images/7_con01pop_03.png]
[yogurtworld.co.kr/bbs/content3044.html]
[yogurtworld.co.kr/theme/design/template/store/script.js]
[yogurtworld.co.kr/theme/design/template/catering/styleaa39.css]
[yogurtworld.co.kr/images/8_con01_01.png]
[yogurtworld.co.kr/images/8_con01_02.jpg]
[yogurtworld.co.kr/images/8_con01_03.png]
[yogurtworld.co.kr/images/8_con01_04.png]
[yogurtworld.co.kr/images/m_12.png]
[yogurtworld.co.kr/images/8_con01_09.png]
[yogurtworld.co.kr/images/8_con01_10.png]
[yogurtworld.co.kr/images/8_con01_11.png]
[yogurtworld.co.kr/images/8_con01_12.png]
[yogurtworld.co.kr/images/8_con01_13.png]
[yogurtworld.co.kr/images/8_con01_07.png]
[yogurtworld.co.kr/images/8_con01_05.png]
[yogurtworld.co.kr/images/m_13.png]
[yogurtworld.co.kr/images/8_con01_08.png]
[yogurtworld.co.kr/images/8_con01_06.png]
[yogurtworld.co.kr/images/m_14.png]
[yogurtworld.co.kr/images/8_con01_14.png]
[yogurtworld.co.kr/images/8_con01_15.png]
[yogurtworld.co.kr/images/8_con01_17.png]
[yogurtworld.co.kr/images/8_con01_18.png]
[yogurtworld.co.kr/images/8_con01_19.jpg]
[yogurtworld.co.kr/images/8_con01_20.png]
[yogurtworld.co.kr/images/8_con01_21.png]
[yogurtworld.co.kr/images/8_con01_26.png]
[yogurtworld.co.kr/images/8_con01_27.png]
[yogurtworld.co.kr/images/8_con01_22.jpg]
[yogurtworld.co.kr/images/8_con01_23.jpg]
[yogurtworld.co.kr/images/8_con01_24.jpg]
[yogurtworld.co.kr/images/8_con01_25.jpg]
[yogurtworld.co.kr/images/8_con01_28.png]
[yogurtworld.co.kr/images/8_con01_29.png]
[yogurtworld.co.kr/data/file/main_yoluck/8b34e013656abfb86e71f2b503333b43_djW3AhBo_08672d06b0914a4bbc3cc1daa1a8d465f3bda14f.jpg]
[yogurtworld.co.kr/data/file/main_yoluck/f2272113e2cbb9fbc8bbb482c14eebbc_7wPeZsqn_22c8499bcd19f6272027d779be734b0650123a75.jpg]
[yogurtworld.co.kr/data/file/main_yoluck/f2272113e2cbb9fbc8bbb482c14eebbc_FPKidf9N_cfa2b999d0b18499c3a73133f3793711b009f800.jpg]
[yogurtworld.co.kr/data/file/main_yoluck/f2272113e2cbb9fbc8bbb482c14eebbc_4h5RW3yI_f5f83b984581aa433a3eaeb2e9713887b23fa1de.jpg]
[yogurtworld.co.kr/data/file/main_yoluck/f2272113e2cbb9fbc8bbb482c14eebbc_eEB6QNXo_90a64dcffe558b243e829dd2b7b334fb185f15c2.jpg]
[yogurtworld.co.kr/data/file/main_yoluck/f2272113e2cbb9fbc8bbb482c14eebbc_hWViMpCZ_2192b6ca3958fa4008621bfcb13ee8282c00d814.jpg]
[yogurtworld.co.kr/images/8_con02_01.png]
[yogurtworld.co.kr/data/file/main_catering_gal/f2272113e2cbb9fbc8bbb482c14eebbc_7k14YmbC_98631f9a0cd821c62676c48d2034f3df4248550f.jpg]
[yogurtworld.co.kr/data/file/main_catering_gal/8b34e013656abfb86e71f2b503333b43_gk6CSrAB_57f033d8003e986f0a91db2cca90539f0e83a3ba.jpg]
[yogurtworld.co.kr/data/file/main_catering_gal/f2272113e2cbb9fbc8bbb482c14eebbc_1HklKBvY_f0bd639bbd0cef860e57154c606a1a037aeff02e.jpg]
[yogurtworld.co.kr/data/file/main_catering_gal/f2272113e2cbb9fbc8bbb482c14eebbc_AN6BX3kD_400dd1378df8b519146cf5b9ef9548473df22df6.jpg]
[yogurtworld.co.kr/data/file/main_catering_gal/f2272113e2cbb9fbc8bbb482c14eebbc_Ig8zHf6F_db51246c8c517e34154d0ad9c17586103d91314f.jpg]
[yogurtworld.co.kr/data/file/main_catering_gal/f2272113e2cbb9fbc8bbb482c14eebbc_wcL84GH0_1c67f70854542b6cd4631ad76f95e65eab6446fe.jpg]
[yogurtworld.co.kr/data/file/main_catering_gal/f2272113e2cbb9fbc8bbb482c14eebbc_yBfNPZr2_5576d99b2e9f3996a3df5e36e5314bdecbcd4cd2.jpg]
[yogurtworld.co.kr/data/file/main_catering_gal/f2272113e2cbb9fbc8bbb482c14eebbc_iqoD35Rf_b1f75144df8bdd2fcad55feae6e8d64e524e958c.jpg]
[yogurtworld.co.kr/data/file/main_catering_gal/f2272113e2cbb9fbc8bbb482c14eebbc_ikg27Ivl_5db21eab8db97ce6b3a5677d542fe2366a5ea41b.jpg]
[yogurtworld.co.kr/images/8_con03_01.png]
[yogurtworld.co.kr/data/file/main_catering_menu/f2272113e2cbb9fbc8bbb482c14eebbc_ldCkzAiu_56864b7cb8dda06cc93db4c65fc0ff74a5dc986d.png]
[yogurtworld.co.kr/data/file/main_catering_menu/f2272113e2cbb9fbc8bbb482c14eebbc_GB4ixLf6_49da3113d0a9fbd03d2b29779dbd50c840985321.png]
[yogurtworld.co.kr/data/file/main_catering_menu/f2272113e2cbb9fbc8bbb482c14eebbc_4ZQGg9Pr_8b134e24f718e61df1f6b0302bda44a6cbab1a35.png]
[yogurtworld.co.kr/data/file/main_catering_menu/f2272113e2cbb9fbc8bbb482c14eebbc_p0u5zZB9_1a5099808d1fdfc16e1ea500b25c75fd8e6410a5.png]
[yogurtworld.co.kr/data/file/main_catering_menu/f2272113e2cbb9fbc8bbb482c14eebbc_qeQ6vajf_01d8bee36e7b7df68ae5fd90f245332e38cec4dc.png]
[yogurtworld.co.kr/data/file/main_catering_menu/f2272113e2cbb9fbc8bbb482c14eebbc_ws2VNHGq_6e5de7a9741e5009eb2a86c28f5f7da82d73a019.png]
[yogurtworld.co.kr/data/file/main_catering_menu/f2272113e2cbb9fbc8bbb482c14eebbc_1aAjDvMS_cf6702439dbe6e758082a4b989a44bfaa93a89ae.png]
[yogurtworld.co.kr/data/file/main_catering_menu/f2272113e2cbb9fbc8bbb482c14eebbc_biWI4xJK_c583aaa2f674f4c6b215998cc599ed38b83678ec.png]
[yogurtworld.co.kr/data/file/main_catering_menu/f2272113e2cbb9fbc8bbb482c14eebbc_TYRyb51g_f3516428e1b1742b921109b0537c9ea8cc58a4be.png]
[yogurtworld.co.kr/data/file/main_catering_menu/f2272113e2cbb9fbc8bbb482c14eebbc_7o4GKUxC_b09481581e5b07b0864e59f83490b6a15052af71.png]
[yogurtworld.co.kr/data/file/main_catering_menu/f2272113e2cbb9fbc8bbb482c14eebbc_7V3WedRG_ce06acbff1b54e4e4cc5c7c22be9e8ea260522fe.png]
[yogurtworld.co.kr/data/file/main_catering_menu/f2272113e2cbb9fbc8bbb482c14eebbc_9kFthoGP_820211e314cbae0b833e8857987e40f5016877a3.png]
[yogurtworld.co.kr/data/file/main_catering_menu/f2272113e2cbb9fbc8bbb482c14eebbc_I5OKlrkT_1d95270b623154b83930daaa1fd75170d7a68c5e.png]
[yogurtworld.co.kr/data/file/main_catering_menu/f2272113e2cbb9fbc8bbb482c14eebbc_xpRXGVyY_2147614e5a5e6c4859e63b02a5aff50af1d8afcb.png]
[yogurtworld.co.kr/data/file/main_catering_menu/f2272113e2cbb9fbc8bbb482c14eebbc_QLNbhyjH_f443135db1ae598aefa57067b98b2b7097e20a8a.png]
[yogurtworld.co.kr/data/file/main_catering_menu/f2272113e2cbb9fbc8bbb482c14eebbc_jJqmG3Qc_b5d794d3b62dc556f56850d16f8a1e2a049c129f.png]
[yogurtworld.co.kr/data/file/main_catering_menu/f2272113e2cbb9fbc8bbb482c14eebbc_jygYPwCR_bbc3707e698f3d97c4c2575317e7b4915b00d3a3.png]
[yogurtworld.co.kr/data/file/main_catering_menu/f2272113e2cbb9fbc8bbb482c14eebbc_SsW7D41K_24d41dbd3dd2c44a1998440759fbed51b5ec5d89.png]
[yogurtworld.co.kr/data/file/main_catering_menu/f2272113e2cbb9fbc8bbb482c14eebbc_SbnIorku_840e0eef0d6581055e9bd95529e2a26775667f35.png]
[yogurtworld.co.kr/data/file/main_catering_menu/f2272113e2cbb9fbc8bbb482c14eebbc_DbYfkrBO_d9c7b433e9fcf1f05ea2ae98c84db143c9cd88b8.png]
[yogurtworld.co.kr/data/file/main_catering_menu/f2272113e2cbb9fbc8bbb482c14eebbc_SXIvA1xG_cf8f20bb95f990ea09f9ce57fa74774275d819a0.png]
[yogurtworld.co.kr/data/file/main_catering_menu/f2272113e2cbb9fbc8bbb482c14eebbc_vxZF02pa_c62b5db7cae9720b74e6b593c7c9b18388d89388.png]
[yogurtworld.co.kr/data/file/main_catering_menu/f2272113e2cbb9fbc8bbb482c14eebbc_AVURt89w_5921e5ad290a290bf3d31e8dba3fb6a9b70adfc7.png]
[yogurtworld.co.kr/data/file/main_catering_menu/f2272113e2cbb9fbc8bbb482c14eebbc_Ml1u3m7A_ab7d176f9f3ae4e82baff76d34c6b4e35912a862.png]
[yogurtworld.co.kr/data/file/main_catering_menu/f2272113e2cbb9fbc8bbb482c14eebbc_HCFEmDRq_38940aa2613cc4dd3190313e4515bab1b232ad06.png]
[yogurtworld.co.kr/data/file/main_catering_menu/f2272113e2cbb9fbc8bbb482c14eebbc_Ze5jdEta_8e63ecbbf9bb31b9e864349ebd93383a39a7b209.png]
[yogurtworld.co.kr/data/file/main_catering_menu/f2272113e2cbb9fbc8bbb482c14eebbc_w8g5ZCi1_d82bfe4289a156f39ed40032fee7d13585a1ccab.png]
[yogurtworld.co.kr/data/file/main_catering_menu/f2272113e2cbb9fbc8bbb482c14eebbc_YNDbPaqc_b90d0044c4949ff0547780730afd9be9cdda1441.png]
[yogurtworld.co.kr/data/file/main_catering_menu/f2272113e2cbb9fbc8bbb482c14eebbc_F0SAhz7f_35362cd51997d4f6911ada3090bc77245d1fe54f.png]
[yogurtworld.co.kr/images/8_con03_04.png]
[yogurtworld.co.kr/images/8_con03_05.png]
[yogurtworld.co.kr/images/8_con03_06.png]
[yogurtworld.co.kr/images/8_con03_07.png]
[yogurtworld.co.kr/images/8_con03_08.png]
[yogurtworld.co.kr/images/8_con03_10.png]
[yogurtworld.co.kr/images/8_con03_11.jpg]
[yogurtworld.co.kr/images/8_con03_14.png]
[yogurtworld.co.kr/images/8_con03_12.png]
[yogurtworld.co.kr/images/8_con03_13.png]
[yogurtworld.co.kr/images/m_15.png]
[yogurtworld.co.kr/bbs/content8373.html]
[yogurtworld.co.kr/bbs/content639d.html]
[yogurtworld.co.kr/theme/design/template/catering/script.js]
[yogurtworld.co.kr/theme/design/template/franchise/styleaa39.css]
[yogurtworld.co.kr/images/4_con01_01.png]
[yogurtworld.co.kr/images/4_con01_02.jpg]
[yogurtworld.co.kr/images/4_con01_03.jpg]
[yogurtworld.co.kr/images/4_con01_04.png]
[yogurtworld.co.kr/images/4_con01_05.png]
[yogurtworld.co.kr/images/4_con01_06.png]
[yogurtworld.co.kr/images/4_con01_07.png]
[yogurtworld.co.kr/images/4_con01_08.png]
[yogurtworld.co.kr/images/4_con01_09.png]
[yogurtworld.co.kr/images/4_con02_01.png]
[yogurtworld.co.kr/images/4_con02_11.png]
[yogurtworld.co.kr/images/4_con02_03.png]
[yogurtworld.co.kr/images/4_con02_04.png]
[yogurtworld.co.kr/images/4_con02_05.png]
[yogurtworld.co.kr/images/4_con02_06.png]
[yogurtworld.co.kr/images/4_con02_07.png]
[yogurtworld.co.kr/images/4_con02_08.png]
[yogurtworld.co.kr/images/4_con02_09.png]
[yogurtworld.co.kr/images/4_con02_10.png]
[yogurtworld.co.kr/images/4_con03_01.png]
[yogurtworld.co.kr/images/4_con03_03.png]
[yogurtworld.co.kr/images/4_con03_06.png]
[yogurtworld.co.kr/images/4_con03_06m.png]
[yogurtworld.co.kr/images/4_con03_05.jpg]
[yogurtworld.co.kr/images/4_con03_05m.jpg]
[yogurtworld.co.kr/images/4_con03_04.png]
[yogurtworld.co.kr/images/4_con03_07.png]
[yogurtworld.co.kr/images/4_con03_08.png]
[yogurtworld.co.kr/bbs/content66cb.html]
[yogurtworld.co.kr/bbs/contentab44.html]
[yogurtworld.co.kr/bbs/content79d1.html]
[yogurtworld.co.kr/bbs/content27b2.html]
[yogurtworld.co.kr/bbs/contentfdd5.html]
[yogurtworld.co.kr/theme/design/template/franchise/script.js]
[yogurtworld.co.kr/bbs/board94af.html]
[yogurtworld.co.kr/bbs/content8708.html]
[yogurtworld.co.kr/bbs/content7af6.html]
[yogurtworld.co.kr/js/header.html]
[yogurtworld.co.kr/css/intro.html]
[cdn.jsdelivr.net/npm/swiper@9/swiper-bundle.css]
[yogurtworld.co.kr/bbs/login2884.html]
[yogurtworld.co.kr/theme/design/template/main/styleaa39.css]
[yogurtworldbrand.mycafe24.com/data/editor/2408/9e225e9d2d1a8104f7040f7af32a1972_1723029657_1496.jpg]
[yogurtworldbrand.mycafe24.com/data/editor/2408/b069b467e37b5a22998a9fcdf394101c_1724035375_6836.gif]
[yogurtworldbrand.mycafe24.com/data/editor/2407/4953ab1861477de6d7a709ae47a8fe7c_1722252355_7209.jpg]
[yogurtworld.co.kr/images/1_con01_02.png]
[yogurtworld.co.kr/images/1_con01_03.png]
[yogurtworld.co.kr/data/file/main_main/f2272113e2cbb9fbc8bbb482c14eebbc_EIBOz5cx_43b784d9e7b6094b565a2ac2815cdab78646ec3b.jpg]
[yogurtworld.co.kr/data/file/main_main/f2272113e2cbb9fbc8bbb482c14eebbc_npe9v8KT_ce16aabe4a15c64ac4aa4ea2050eafbbaa407e17.jpg]
[yogurtworld.co.kr/data/file/main_main/8b34e013656abfb86e71f2b503333b43_4uIw9gRZ_3bf937c6428698606637311cbf21512687a6e8d5.jpg]
[yogurtworld.co.kr/data/file/main_main/8b34e013656abfb86e71f2b503333b43_auTVHOq3_d154ea587cc4ef388e470e104cf994532e01664d.jpg]
[yogurtworld.co.kr/images/1_con02_01.png]
[yogurtworld.co.kr/images/1_con02_03.png]
[yogurtworld.co.kr/images/1_con02_07.png]
[yogurtworld.co.kr/images/1_con03_01.png]
[yogurtworld.co.kr/images/1_con04_02.png]
[yogurtworld.co.kr/images/m_01.png]
[yogurtworld.co.kr/images/1_con04_03.png]
[yogurtworld.co.kr/images/1_con05_01.png]
[yogurtworld.co.kr/images/1_con05_04.png]
[yogurtworld.co.kr/images/1_con05_02.png]
[yogurtworld.co.kr/bbs/contentca8e.html]
[yogurtworld.co.kr/images/1_con05_03.png]
[yogurtworld.co.kr/bbs/content69e1.html]
[yogurtworld.co.kr/images/1_con05_10.png]
[yogurtworld.co.kr/images/1_con05_09.png]
[yogurtworld.co.kr/images/1_con05_05.png]
[yogurtworld.co.kr/images/1_con05_06.png]
[yogurtworld.co.kr/images/1_con05_07.png]
[yogurtworld.co.kr/images/1_con05_08.png]
[yogurtworld.co.kr/bbs/content7ffc.html]
[yogurtworld.co.kr/images/1_con05_11.png]
[yogurtworld.co.kr/images/m_02.png]
[yogurtworld.co.kr/images/1_con06_04.png]
[yogurtworld.co.kr/images/1_con06_01.png]
[yogurtworld.co.kr/images/1_con06_03.png]
[yogurtworld.co.kr/images/1_con06_05.png]
[yogurtworld.co.kr/images/1_con06_02.png]
[yogurtworld.co.kr/bbs/contentfaa7.html]
[yogurtworld.co.kr/js/intro.html]
[cdnjs.cloudflare.com/ajax/libs/Swiper/11.0.5/swiper-bundle.css]
[yogurtworld.co.kr/css/footer.html]
[yogurtworld.co.kr/images/con1_10.html]
[yogurtworld.co.kr/images/con1_11.html]
[yogurtworld.co.kr/images/con1_12.html]
[yogurtworld.co.kr/images/con6_08.html]
[yogurtworld.co.kr/images/con6_09.html]
[yogurtworld.co.kr/images/con6_10.html]
[yogurtworld.co.kr/images/con6_11.html]
[yogurtworld.co.kr/images/con6_12.html]
[yogurtworld.co.kr/images/con7_02.html]
[yogurtworld.co.kr/images/con7_03.html]
[yogurtworld.co.kr/images/con7_04.html]
[yogurtworld.co.kr/images/con7_05.html]
[yogurtworld.co.kr/images/con11_07.html]
[yogurtworld.co.kr/images/con11_08.html]
[yogurtworld.co.kr/images/con11_09.html]
[yogurtworld.co.kr/images/con11_10.html]
[yogurtworld.co.kr/images/con08_07.html]
[yogurtworld.co.kr/images/con08_08.html]
[yogurtworld.co.kr/images/con08_09.html]
[yogurtworld.co.kr/images/con08_10.html]
[yogurtworld.co.kr/images/con08_11.html]
[yogurtworld.co.kr/images/quick_04.html]
[yogurtworld.co.kr/js/font-awesome/fonts/fontawesome-webfont3e6e.html]
[yogurtworld.co.kr/js/font-awesome/fonts/fontawesome-webfont3e6e.svg]
[yogurtworld.co.kr/theme/design/skin/content/basic/styleaa39.css]
[yogurtworld.co.kr/theme/design/template/main/script.js]
[yogurtworld.co.kr/images/2_con01_02.png]
[yogurtworld.co.kr/images/2_con02_02.png]
[yogurtworld.co.kr/images/2_con02_03.png]
[yogurtworld.co.kr/images/2_con02_04.png]
[yogurtworld.co.kr/images/2_con02_05.png]
[yogurtworld.co.kr/theme/design/template/menu/styleaa39.css]
[yogurtworld.co.kr/bbs/css/header.html]
[yogurtworld.co.kr/bbs/js/header.html]
[yogurtworld.co.kr/bbs/css/menu.html]
[yogurtworld.co.kr/bbs/js/menu.html]
[yogurtworld.co.kr/bbs/css/footer.html]
[yogurtworld.co.kr/images/3_con01_13.jpg]
[yogurtworld.co.kr/images/3_con02_02.jpg]
[yogurtworld.co.kr/theme/design/template/brand/styleaa39.css]
[yogurtworld.co.kr/images/3_con03_08.png]
[yogurtworld.co.kr/bbs/css/brand.html]
[yogurtworld.co.kr/bbs/js/brand.html]
[yogurtworld.co.kr/images/5_con01_02a.png]
[yogurtworld.co.kr/images/5_con01_02b.png]
[yogurtworld.co.kr/images/5_con01_02c.png]
[yogurtworld.co.kr/images/5_con01_02d.png]
[yogurtworld.co.kr/images/5_con01_02e.png]
[yogurtworld.co.kr/images/5_con01_bg.jpg]
[yogurtworld.co.kr/theme/design/template/interior/styleaa39.css]
[yogurtworld.co.kr/bbs/css/interior.html]
[yogurtworld.co.kr/bbs/js/interior.html]
[yogurtworld.co.kr/images/5_con01_03.png]
[yogurtworld.co.kr/images/5_con01_04.png]
[yogurtworld.co.kr/images/5_con01_05.png]
[yogurtworld.co.kr/images/5_con01_06.png]
[yogurtworld.co.kr/images/5_con01_07.png]
[yogurtworld.co.kr/images/4_con03_11.png]
[yogurtworld.co.kr/images/7_con01_12.png]
[yogurtworld.co.kr/theme/design/template/community/styleaa39.css]
[yogurtworld.co.kr/bbs/css/community.html]
[ajax.googleapis.com/ajax/libs/jqueryui/1.12.1/themes/base/images/ui-icons_444444_256x240.png]
[ajax.googleapis.com/ajax/libs/jqueryui/1.12.1/themes/base/images/ui-icons_555555_256x240.png]
[ajax.googleapis.com/ajax/libs/jqueryui/1.12.1/themes/base/images/ui-icons_ffffff_256x240.png]
[ajax.googleapis.com/ajax/libs/jqueryui/1.12.1/themes/base/images/ui-icons_777620_256x240.png]
[ajax.googleapis.com/ajax/libs/jqueryui/1.12.1/themes/base/images/ui-icons_cc0000_256x240.png]
[ajax.googleapis.com/ajax/libs/jqueryui/1.12.1/themes/base/images/ui-icons_777777_256x240.png]
[ajax.googleapis.com/ajax/libs/jqueryui/1.12.1/themes/base/jquery-ui.css]
[yogurtworld.co.kr/css/datepicker.css]
[yogurtworld.co.kr/bbs/js/community.html]
[yogurtworld.co.kr/images/7_con01_02.jpg]
[yogurtworld.co.kr/theme/design/template/store/styleaa39.css]
[yogurtworld.co.kr/bbs/css/store.html]
[yogurtworld.co.kr/bbs/js/store.html]
[yogurtworld.co.kr/images/8_con01_16.jpg]
[yogurtworld.co.kr/images/8_con03_09.jpg]
[yogurtworld.co.kr/theme/design/template/catering/styleaa39.css]
[yogurtworld.co.kr/bbs/css/catering.html]
[yogurtworld.co.kr/images/8_con01_19.html]
[yogurtworld.co.kr/bbs/js/catering.html]
[yogurtworld.co.kr/images/4_con01_10.jpg]
[yogurtworld.co.kr/theme/design/template/franchise/styleaa39.css]
[yogurtworld.co.kr/bbs/css/franchise.html]
[yogurtworld.co.kr/bbs/js/franchise.html]
[yogurtworld.co.kr/skin/member/basic/styleaa39.css]
[yogurtworld.co.kr/img/chk.png]
[yogurtworld.co.kr/images/login_01.png]
[yogurtworld.co.kr/bbs/login2884.html]
[yogurtworld.co.kr/images/1_con02_02.png]
[yogurtworld.co.kr/images/1_con03_bg.jpg]
[yogurtworld.co.kr/theme/design/template/main/styleaa39.css]
[yogurtworld.co.kr/images/1_con05_bg.jpg]
[yogurtworld.co.kr/bbs/css/style.html]
[yogurtworld.co.kr/bbs/contentca8e.html]
[yogurtworld.co.kr/bbs/content69e1.html]
[yogurtworld.co.kr/bbs/content7ffc.html]
[yogurtworld.co.kr/bbs/js/script.html]
[yogurtworld.co.kr/images/con20_05.html]
[yogurtworld.co.kr/images/btns.html]
[yogurtworld.co.kr/skin/member/basic/img/chk.png]
[yogurtworld.co.kr/skin/member/basic/styleaa39.css]
